                    nmse       fp  true_found  n_true  false_exo
suite task model                                                
semi4 SQ0  ATOM    1.062  198.045       0.000     0.0          0
           PADRAO  1.062  435.373       0.000     0.0          0
      SQ1  ATOM    0.711  197.723       0.000     1.0          0
           PADRAO  0.704  515.585       0.667     1.0          0
      SQ2  ATOM    0.647  198.412       0.000     2.0          0
           PADRAO  0.598  519.700       1.000     2.0          0
      SQ3  ATOM    0.359  201.592       0.333     1.0          0
           PADRAO  0.280  519.717       1.000     1.0          0
      SQ4  ATOM    1.060  197.847       0.000     0.0          0
           PADRAO  1.060  471.014       0.000     0.0          0
synth B1   ATOM    0.648  212.789       1.000     1.0          0
           PADRAO  0.645  441.108       1.000     1.0          0
      B2   ATOM    0.674  215.475       2.000     3.0          0
           PADRAO  0.474  562.639       3.000     3.0          0
      B3   ATOM    0.471  210.361       1.000     2.0          0
           PADRAO  0.391  613.004       1.667     2.0          0
      N1   ATOM    1.068  207.331       0.000     0.0          0
           PADRAO  1.068  380.233       0.000     0.0          0
      N2   ATOM    1.108  191.903       0.000     0.0          0
           PADRAO  1.108  365.538       0.000     0.0          0
      T1   ATOM    0.656  212.129       1.000     1.0          0
           PADRAO  0.643  432.450       1.000     1.0          0
    suite task  seed                          structure                                         groups_reported  first_acc
0   synth   N1  9401                                 []                                                      {}        NaN
2   synth   N1  9402                                 []                                                      {}        NaN
4   synth   N1  9403                                 []                                                      {}        NaN
6   synth   N2  9401                                 []                                                      {}        NaN
8   synth   N2  9402                                 []                                                      {}        NaN
10  synth   N2  9403                                 []                                                      {}        NaN
12  synth   T1  9401                        [('in', 1)]                                      {"('in', 1)": [1]}     1180.0
14  synth   T1  9402                        [('in', 1)]                                      {"('in', 1)": [1]}      610.0
16  synth   T1  9403                        [('in', 1)]                                      {"('in', 1)": [1]}      720.0
18  synth   B1  9401                        [('in', 1)]                                      {"('in', 1)": [1]}      670.0
20  synth   B1  9402                        [('in', 1)]                                      {"('in', 1)": [1]}     1100.0
22  synth   B1  9403                        [('in', 1)]                                      {"('in', 1)": [1]}      610.0
24  synth   B2  9401  [('in', 0), ('in', 2), ('in', 4)]  {"('in', 2)": [2], "('in', 4)": [4], "('in', 0)": [0]}      960.0
26  synth   B2  9402  [('in', 0), ('in', 2), ('in', 4)]  {"('in', 4)": [4], "('in', 0)": [0], "('in', 2)": [2]}      990.0
28  synth   B2  9403  [('in', 0), ('in', 2), ('in', 4)]  {"('in', 2)": [2], "('in', 4)": [4], "('in', 0)": [0]}      790.0
30  synth   B3  9401             [('in', 0), ('in', 3)]                    {"('in', 0)": [0], "('in', 3)": [3]}     1150.0
32  synth   B3  9402  [('in', 0), ('in', 3), ('in', 5)]  {"('in', 5)": [5], "('in', 0)": [0], "('in', 3)": [3]}      770.0
34  synth   B3  9403             [('in', 3), ('in', 5)]                    {"('in', 3)": [3], "('in', 5)": [5]}     3500.0
36  semi4  SQ0  6401                                 []                                                      {}        NaN
38  semi4  SQ0  6402                                 []                                                      {}        NaN
40  semi4  SQ0  6403                                 []                                                      {}        NaN
42  semi4  SQ1  6401                        [('in', 1)]                                   {"('in', 1)": [0, 1]}    16650.0
44  semi4  SQ1  6402                                 []                                                      {}        NaN
46  semi4  SQ1  6403                        [('in', 1)]                                   {"('in', 1)": [0, 1]}    25220.0
48  semi4  SQ2  6401                        [('in', 4)]                                      {"('in', 4)": [4]}     7540.0
50  semi4  SQ2  6402                        [('in', 4)]                                      {"('in', 4)": [4]}    14950.0
52  semi4  SQ2  6403                        [('in', 4)]                                      {"('in', 4)": [4]}     7620.0
54  semi4  SQ3  6401                        [('in', 3)]                                      {"('in', 3)": [3]}     8510.0
56  semi4  SQ3  6402                        [('in', 3)]                                      {"('in', 3)": [3]}    14890.0
58  semi4  SQ3  6403                        [('in', 3)]                                      {"('in', 3)": [3]}     5080.0
60  semi4  SQ4  6401                                 []                                                      {}        NaN
62  semi4  SQ4  6402                                 []                                                      {}        NaN
64  semi4  SQ4  6403                                 []                                                      {}        NaN
ons     v052H 0.515 atom 0.579 fp 305
camels  v052H 0.923 atom 0.994 fp 385
bdg2    v052H 0.91 atom 0.93 fp 369
ALL     v052H 0.68 atom 0.793 fp 353
1000pts ons {'v052H': 0.472, 'CHRONOS2_COV': 0.5, 'v052': 0.535, 'CHRONOS2': 0.858, 'ARX_NLMS': 0.529, 'AIRLINE_X': 0.847}
1000pts camels {'v052H': 0.87, 'CHRONOS2_COV': 0.838, 'v052': 0.951, 'CHRONOS2': 0.892, 'ARX_NLMS': 1.208, 'AIRLINE_X': 0.825}
1000pts bdg2 {'v052H': 0.887, 'CHRONOS2_COV': 0.718, 'v052': 0.92, 'CHRONOS2': 0.78, 'ARX_NLMS': 2.008, 'AIRLINE_X': 0.97}
1000pts ALL {'v052H': 0.641, 'CHRONOS2_COV': 0.701, 'v052': 0.757, 'CHRONOS2': 0.915, 'ARX_NLMS': 1.109, 'AIRLINE_X': 0.988}
v052H beats CHRONOS2_COV in 13 of 29
