                    nmse       fp  true_found  n_true  false_exo
suite task model                                                
semi5 SR0  ATOM    1.063  199.092       0.000     0.0          0
           PADRAO  1.063  457.165       0.000     0.0          0
      SR1  ATOM    0.770  198.089       0.000     1.0          0
           PADRAO  0.770  431.046       0.000     1.0          0
      SR2  ATOM    0.732  198.894       0.000     2.0          0
           PADRAO  0.646  520.313       1.000     2.0          0
      SR3  ATOM    0.573  199.740       0.000     1.0          0
           PADRAO  0.468  474.539       1.000     1.0          0
      SR4  ATOM    1.100  195.772       0.000     0.0          0
           PADRAO  1.098  450.990       0.000     0.0          0
synth B1   ATOM    0.660  212.553       1.000     1.0          0
           PADRAO  0.649  435.393       1.000     1.0          0
      B2   ATOM    0.562  218.626       2.667     3.0          0
           PADRAO  0.487  559.346       3.000     3.0          0
      B3   ATOM    0.446  210.884       1.000     2.0          0
           PADRAO  0.427  555.921       1.333     2.0          0
      N1   ATOM    1.068  207.207       0.000     0.0          0
           PADRAO  1.068  387.726       0.000     0.0          0
      N2   ATOM    1.097  192.752       0.000     0.0          0
           PADRAO  1.097  368.550       0.000     0.0          0
      T1   ATOM    0.653  212.441       1.000     1.0          0
           PADRAO  0.652  445.102       1.000     1.0          0
    suite task  seed                          structure                                         groups_reported  first_acc
0   synth   N1  9501                                 []                                                      {}        NaN
2   synth   N1  9502                                 []                                                      {}        NaN
4   synth   N1  9503                                 []                                                      {}        NaN
6   synth   N2  9501                                 []                                                      {}        NaN
8   synth   N2  9502                                 []                                                      {}        NaN
10  synth   N2  9503                                 []                                                      {}        NaN
12  synth   T1  9501                        [('in', 1)]                                      {"('in', 1)": [1]}      870.0
14  synth   T1  9502                        [('in', 1)]                                      {"('in', 1)": [1]}      960.0
16  synth   T1  9503                        [('in', 1)]                                      {"('in', 1)": [1]}      600.0
18  synth   B1  9501                        [('in', 1)]                                      {"('in', 1)": [1]}     2070.0
20  synth   B1  9502                        [('in', 1)]                                      {"('in', 1)": [1]}      620.0
22  synth   B1  9503                        [('in', 1)]                                      {"('in', 1)": [1]}      720.0
24  synth   B2  9501  [('in', 0), ('in', 2), ('in', 4)]  {"('in', 4)": [4], "('in', 0)": [0], "('in', 2)": [2]}     1250.0
26  synth   B2  9502  [('in', 0), ('in', 2), ('in', 4)]  {"('in', 4)": [4], "('in', 0)": [0], "('in', 2)": [2]}      650.0
28  synth   B2  9503  [('in', 0), ('in', 2), ('in', 4)]  {"('in', 2)": [2], "('in', 4)": [4], "('in', 0)": [0]}     1060.0
30  synth   B3  9501             [('in', 3), ('in', 5)]                    {"('in', 5)": [5], "('in', 3)": [3]}    15750.0
32  synth   B3  9502             [('in', 3), ('in', 5)]                    {"('in', 3)": [3], "('in', 5)": [5]}      910.0
34  synth   B3  9503  [('in', 0), ('in', 3), ('in', 5)]  {"('in', 0)": [0], "('in', 3)": [3], "('in', 5)": [5]}     1450.0
36  semi5  SR0  6501                                 []                                                      {}        NaN
38  semi5  SR0  6502                                 []                                                      {}        NaN
40  semi5  SR0  6503                                 []                                                      {}        NaN
42  semi5  SR1  6501                                 []                                                      {}        NaN
44  semi5  SR1  6502                                 []                                                      {}        NaN
46  semi5  SR1  6503                                 []                                                      {}        NaN
48  semi5  SR2  6501                        [('in', 3)]                                      {"('in', 3)": [3]}    12920.0
50  semi5  SR2  6502                        [('in', 3)]                                      {"('in', 3)": [3]}    13600.0
52  semi5  SR2  6503                        [('in', 3)]                                      {"('in', 3)": [3]}    11600.0
54  semi5  SR3  6501                        [('in', 4)]                                      {"('in', 4)": [4]}     4420.0
56  semi5  SR3  6502                        [('in', 4)]                                      {"('in', 4)": [4]}     4530.0
58  semi5  SR3  6503                        [('in', 4)]                                      {"('in', 4)": [4]}     4420.0
60  semi5  SR4  6501                                 []                                                      {}        NaN
62  semi5  SR4  6502                        [('in', 5)]                                      {"('in', 5)": [5]}    16930.0
64  semi5  SR4  6503                                 []                                                      {}        NaN
real series: predictions identical to measurement #4 in 29 of 29; mean FP over series 353 (<= 400?)
per-series profile (same code/data): mean 261 - 472 | p99.9 715 - 1304 | max 1414 | series with mean > ARX: 14 of 29
