                    nmse       fp  true_found  n_true  false_exo
suite task model                                                
semi6 SU0  ATOM    1.063  199.299       0.000     0.0          0
           PADRAO  1.032  419.102       0.000     0.0          0
      SU1  ATOM    0.855  200.184       0.000     1.0          0
           PADRAO  0.666  480.202       1.000     1.0          0
      SU2  ATOM    0.552  198.164       0.000     2.0          0
           PADRAO  0.540  488.591       0.000     2.0          0
      SU3  ATOM    0.130  201.040       0.000     1.0          0
           PADRAO  0.109  526.428       1.000     1.0          0
      SU4  ATOM    0.199  200.319       0.000     0.0          0
           PADRAO  0.194  428.407       0.000     0.0          0
synth B1   ATOM    0.652  212.360       1.000     1.0          0
           PADRAO  0.631  441.225       1.000     1.0          0
      B2   ATOM    0.576  218.183       3.000     3.0          0
           PADRAO  0.462  549.694       3.000     3.0          0
      B3   ATOM    0.460  210.286       1.000     2.0          0
           PADRAO  0.390  575.963       1.333     2.0          0
      N1   ATOM    1.069  207.299       0.000     0.0          0
           PADRAO  1.033  383.019       0.000     0.0          0
      N2   ATOM    1.103  192.517       0.000     0.0          0
           PADRAO  1.046  362.848       0.000     0.0          0
      T1   ATOM    0.754  211.353       1.000     1.0          0
           PADRAO  0.632  444.346       1.000     1.0          0
    suite task  seed                          structure                                         groups_reported  first_acc
0   synth   N1  9601                                 []                                                      {}        NaN
2   synth   N1  9602                                 []                                                      {}        NaN
4   synth   N1  9603                                 []                                                      {}        NaN
6   synth   N2  9601                                 []                                                      {}        NaN
8   synth   N2  9602                                 []                                                      {}        NaN
10  synth   N2  9603                                 []                                                      {}        NaN
12  synth   T1  9601                        [('in', 1)]                                      {"('in', 1)": [1]}      880.0
14  synth   T1  9602                        [('in', 1)]                                      {"('in', 1)": [1]}      720.0
16  synth   T1  9603                        [('in', 1)]                                      {"('in', 1)": [1]}      620.0
18  synth   B1  9601                        [('in', 1)]                                      {"('in', 1)": [1]}      490.0
20  synth   B1  9602                        [('in', 1)]                                      {"('in', 1)": [1]}      570.0
22  synth   B1  9603                        [('in', 1)]                                      {"('in', 1)": [1]}      910.0
24  synth   B2  9601  [('in', 0), ('in', 2), ('in', 4)]  {"('in', 2)": [2], "('in', 4)": [4], "('in', 0)": [0]}      690.0
26  synth   B2  9602  [('in', 0), ('in', 2), ('in', 4)]  {"('in', 4)": [4], "('in', 0)": [0], "('in', 2)": [2]}     1270.0
28  synth   B2  9603  [('in', 0), ('in', 2), ('in', 4)]  {"('in', 2)": [2], "('in', 4)": [4], "('in', 0)": [0]}      730.0
30  synth   B3  9601             [('in', 3), ('in', 5)]                    {"('in', 3)": [3], "('in', 5)": [5]}     2820.0
32  synth   B3  9602             [('in', 3), ('in', 5)]                    {"('in', 3)": [3], "('in', 5)": [5]}     1080.0
34  synth   B3  9603  [('in', 0), ('in', 3), ('in', 5)]  {"('in', 3)": [3], "('in', 5)": [5], "('in', 0)": [0]}     9980.0
36  semi6  SU0  6601                                 []                                                      {}        NaN
38  semi6  SU0  6602                                 []                                                      {}        NaN
40  semi6  SU0  6603                                 []                                                      {}        NaN
42  semi6  SU1  6601                        [('in', 3)]                                      {"('in', 3)": [3]}    14140.0
44  semi6  SU1  6602                        [('in', 3)]                                      {"('in', 3)": [3]}     5340.0
46  semi6  SU1  6603                        [('in', 3)]                                      {"('in', 3)": [3]}     5470.0
48  semi6  SU2  6601                                 []                                                      {}        NaN
50  semi6  SU2  6602                                 []                                                      {}        NaN
52  semi6  SU2  6603                                 []                                                      {}        NaN
54  semi6  SU3  6601             [('in', 4), ('in', 5)]                    {"('in', 4)": [4], "('in', 5)": [5]}     1020.0
56  semi6  SU3  6602                        [('in', 4)]                                      {"('in', 4)": [4]}     4030.0
58  semi6  SU3  6603             [('in', 4), ('in', 5)]                    {"('in', 4)": [4], "('in', 5)": [5]}     1110.0
60  semi6  SU4  6601                                 []                                                      {}        NaN
62  semi6  SU4  6602                        [('in', 5)]                                      {"('in', 5)": [5]}     1120.0
64  semi6  SU4  6603                        [('in', 5)]                                      {"('in', 5)": [5]}     1070.0
Empty DataFrame
Columns: [kind, seed, n_acc, accepted, fp]
Index: []
NULL BATCH: runs with any accepted change 0 of 30 (criterion 7: <= 3)
ons     v052H 0.519 atom 0.579 fp 315
camels  v052H 0.913 atom 0.994 fp 388
bdg2    v052H 0.931 atom 0.93 fp 401
ALL     v052H 0.694 atom 0.793 fp 360
1000pts ons {'v052H': 0.473, 'CHRONOS2_COV': 0.5, 'v052': 0.535, 'CHRONOS2': 0.858, 'ARX_NLMS': 0.529, 'AIRLINE_X': 0.847}
1000pts camels {'v052H': 0.878, 'CHRONOS2_COV': 0.838, 'v052': 0.951, 'CHRONOS2': 0.892, 'ARX_NLMS': 1.208, 'AIRLINE_X': 0.825}
1000pts bdg2 {'v052H': 0.889, 'CHRONOS2_COV': 0.718, 'v052': 0.92, 'CHRONOS2': 0.78, 'ARX_NLMS': 2.008, 'AIRLINE_X': 0.97}
1000pts ALL {'v052H': 0.653, 'CHRONOS2_COV': 0.701, 'v052': 0.757, 'CHRONOS2': 0.915, 'ARX_NLMS': 1.109, 'AIRLINE_X': 0.988}
v052H beats CHRONOS2_COV in 13 of 29
