                                   task  n_acc_py  events_equal_f64  maxdiff_f64  rel_nmse_f64  events_equal_f32  n_acc_f32  maxdiff_f32  rel_nmse_f32
                           ons:ITUTINGA         2              True 6.140618e-14 -3.330669e-16              True          2 1.066061e-04  4.212155e-06
                           ons:FUNIL-MG         2              True 2.374644e-13  2.220446e-16              True          2 1.925639e-04 -4.431780e-06
                             ons:FURNAS         0              True 1.467612e-14  0.000000e+00              True          0 1.144179e-04  7.742050e-07
                          ons:M. MORAES         1              True 2.385683e-13  0.000000e+00              True          1 1.532913e-04  3.478340e-07
                      ons:L. C. BARRETO         2              True 2.227160e-14  0.000000e+00              True          2 4.719550e-05  4.918887e-07
                            ons:JAGUARA         1              True 6.010418e-15  2.220446e-16              True          1 2.183327e-05  3.565115e-07
                          ons:IGARAPAVA         1              True 1.176055e-14 -1.110223e-16              True          1 4.241115e-05 -8.769194e-07
                       ons:VOLTA GRANDE         4              True 8.948472e-14  0.000000e+00              True          4 7.062947e-04 -1.906102e-07
                        ons:P. COLOMBIA         2              True 1.943472e-14  0.000000e+00              True          2 1.891790e-04 -4.214135e-07
                         ons:MARIMBONDO         1              True 1.429946e-13  2.220446e-16              True          1 1.714900e-04  1.478898e-06
                        ons:A. VERMELHA         1              True 1.331167e-13  0.000000e+00              True          1 1.354959e-04  1.196750e-07
                        camels:17350000         2              True 2.639217e-14  2.220446e-16              True          2 3.281261e-04 -3.624209e-06
                        camels:24900000         0              True 3.877865e-14  2.220446e-16              True          0 9.167692e-04  2.449434e-07
                        camels:54110002         0              True 5.049940e-13  2.220446e-16              True          0 1.680059e-03  6.709218e-07
                        camels:58258000         0              True 1.467449e-14  0.000000e+00              True          0 2.355905e-04  4.049118e-09
                        camels:60778000         1              True 2.608458e-14  4.440892e-16              True          1 1.772854e-04  7.686807e-06
                        camels:60940000         4              True 2.087230e-15  0.000000e+00              True          4 4.909072e-06 -1.315011e-07
                        camels:61510000         2              True 5.984081e-14 -3.330669e-16              True          2 4.218563e-04 -9.211621e-06
                        camels:64360000         0              True 6.509680e-14 -6.661338e-16              True          0 8.726108e-04  8.879133e-06
                        camels:64477600         1              True 5.260564e-14 -8.881784e-16              True          1 7.975855e-04 -8.627832e-07
                        camels:71350001         3              True 9.028709e-14 -1.110223e-16              True          3 7.345507e-05 -4.815642e-06
bdg2:chilledwater:Bull_education_Hayley         2              True 3.185345e-14  0.000000e+00              True          2 4.240180e-05 -1.352475e-07
     bdg2:hotwater:Moose_education_Lori         0              True 2.443162e-12 -9.992007e-16              True          0 3.654417e-03  4.919023e-06
      bdg2:steam:Eagle_assembly_Herbert         0              True 7.981040e-13  0.000000e+00              True          0 1.309416e-04  6.319673e-07
        bdg2:steam:Hog_assembly_Colette         0              True 2.760111e-14  0.000000e+00              True          0 2.451034e-05  1.310739e-07
       bdg2:steam:Hog_education_Luvenia         0              True 5.252358e-11  0.000000e+00              True          0 5.562119e-02  2.127133e-06
                              silverbox        23              True 3.389429e-01  1.591337e-03             False         23 9.633721e-01  8.070321e-03
                              tanks:est         2              True 1.640874e-15  4.440892e-16              True          2 7.298303e-07 -4.313007e-07
                              tanks:val         1              True 8.461526e-16 -3.330669e-16              True          1 8.399427e-07 -1.021047e-06
f64: identical event sequences 29/29; |rel NMSE diff| median 2.22e-16, max 1.59e-03; overflow 0
f32: identical event sequences 28/29; |rel NMSE diff| median 7.74e-07, max 8.07e-03; overflow 0
     task                                                                     first_diff_f32
silverbox ((14330, 3, (3, 0, 8, 11), (0, 0, 0, 0)), (14340, 3, (3, 0, 8, 11), (0, 0, 0, 0)))
