       M_emp         M_theory           D_max        
        mean     max     mean     max    mean     max
mu                                                   
0.03  0.0213  0.0329   0.0152  0.0152 -0.0004  0.0002
0.05  0.0369  0.0697   0.0256  0.0256  0.0013  0.0027
0.10  0.0818  0.2132   0.0526  0.0526  0.0044  0.0096
      runs_with_acceptance  runs_with_Dmax>0  acc_and_D>0  acc_and_D<=0
mu                                                                     
0.03                     0                 1            0             0
0.05                     0                40            0             0
0.10                    10                33            3             7
      oracle_crosses  ...  acc_without_oracle_cross
mu                    ...                          
0.03               0  ...                         0
0.05               0  ...                         0
0.10              34  ...                         6

[3 rows x 4 columns]
 kind  seed  mu      accepted orac_unit  D_max  orac_in0  orac_in1  orac_in2  orac_in3  orac_in4  orac_in5
white  7201 0.1            []         5   0.01     -0.01     -0.01     -0.01     -0.01     -0.01     18.47
white  7202 0.1            []         5   0.01     -0.01     -0.01     -0.01     -0.01     -0.01     16.45
white  7203 0.1 ["('in', 5)"]         3  -0.00     -0.01     -0.00     -0.00      0.00      0.00     -0.03
white  7204 0.1            []         5   0.01     -0.01     -0.01     -0.01     -0.01     -0.01     18.58
white  7205 0.1 ["('in', 5)"]         5  -0.00     -0.01     -0.01     -0.01     -0.01     -0.01      0.00
white  7206 0.1            []         5   0.01     -0.01     -0.01     -0.01     -0.01     -0.01      9.92
white  7207 0.1            []         5   0.01     -0.01     -0.01     -0.01     -0.01     -0.01      9.34
white  7208 0.1 ["('in', 5)"]         5  -0.00     -0.01     -0.01     -0.01     -0.01     -0.01      3.35
white  7209 0.1            []         5   0.01     -0.01     -0.01     -0.01     -0.01     -0.01     13.70
white  7210 0.1            []         5   0.01     -0.01     -0.01     -0.01     -0.01     -0.01     11.78
white  7211 0.1            []         5   0.01     -0.01     -0.01     -0.01     -0.01     -0.01     15.13
white  7212 0.1            []         5   0.01     -0.01     -0.01     -0.01     -0.01     -0.01     13.53
white  7213 0.1            []         5   0.01     -0.01     -0.01     -0.01     -0.01     -0.01     18.96
white  7214 0.1            []         5   0.01     -0.01     -0.01     -0.01     -0.01     -0.01     13.25
white  7215 0.1            []         5   0.01     -0.01     -0.01     -0.01     -0.01     -0.01     19.83
white  7216 0.1            []         5   0.01     -0.01     -0.01     -0.01     -0.01     -0.01      9.80
white  7217 0.1            []         5   0.01     -0.01     -0.01     -0.01     -0.01     -0.01     17.85
white  7218 0.1            []         5   0.00     -0.01     -0.01     -0.01     -0.01     -0.01     19.27
white  7219 0.1            []         5   0.01     -0.01     -0.01     -0.01     -0.01     -0.01     19.11
white  7220 0.1            []         5   0.01     -0.01     -0.01     -0.01     -0.00     -0.00     13.01
heavy  7221 0.1 ["('in', 5)"]         5  -0.00     -0.01     -0.01     -0.01     -0.01     -0.01     -0.01
heavy  7222 0.1            []         5   0.01     -0.01     -0.01     -0.02     -0.01     -0.01     28.10
heavy  7223 0.1            []         5   0.01     -0.01     -0.01     -0.01     -0.01     -0.00     28.72
heavy  7224 0.1 ["('in', 5)"]         5   0.00     -0.01     -0.01     -0.01     -0.01     -0.01     16.60
heavy  7225 0.1            []         5   0.01     -0.00     -0.01     -0.00     -0.02     -0.01     22.68
heavy  7226 0.1 ["('in', 5)"]         5   0.00     -0.01     -0.01     -0.02     -0.01     -0.01     22.38
heavy  7227 0.1 ["('in', 5)"]         5   0.01     -0.01     -0.01     -0.00     -0.01     -0.01     30.02
heavy  7228 0.1            []         5   0.01     -0.01     -0.01     -0.01     -0.01     -0.01     25.33
heavy  7229 0.1            []         5   0.01     -0.01     -0.01     -0.01     -0.01     -0.01     24.24
heavy  7230 0.1 ["('in', 5)"]         5  -0.00     -0.01     -0.01     -0.01     -0.01     -0.01      8.11
heavy  7231 0.1            []         5   0.01     -0.00     -0.01     -0.00     -0.01     -0.01     26.76
heavy  7232 0.1            []         5   0.01     -0.01     -0.01     -0.01     -0.01     -0.01     32.57
heavy  7233 0.1            []         5   0.01     -0.03     -0.03     -0.03     -0.04     -0.04     28.80
heavy  7234 0.1            []         5   0.01     -0.01     -0.01     -0.01     -0.01     -0.01     28.43
heavy  7235 0.1            []         5   0.01     -0.01     -0.01     -0.01     -0.01     -0.01     33.40
heavy  7236 0.1 ["('in', 5)"]         3  -0.00     -0.01     -0.01     -0.01     -0.00     -0.01     -0.01
heavy  7237 0.1 ["('in', 5)"]         2  -0.00     -0.01     -0.01     -0.01     -0.01     -0.01     -0.01
heavy  7238 0.1            []         5   0.01     -0.00     -0.00      0.00     -0.01     -0.00     29.39
heavy  7239 0.1            []         5   0.01     -0.00     -0.00      0.00     -0.00     -0.00     30.00
heavy  7240 0.1            []         5   0.01      0.00      0.00      0.00      0.01      0.01     14.28
