calibration: 2144 rows, 35s
status                  NUMERICAL_DIVERGENCE  RUNTIME_EXCEPTION  SUCCESS
model_id                                                                
B1_RZA_LMS                                21                  0        9
B2_CCN                                    21                  0        9
B3_MUSE_RNN                                0                  0       30
B4_MINIMAL_GRU                             0                  0       30
B5_ONLINE_ESN                              0                  0       30
C1_CURRENT_ONLY_LINEAR                    21                  0        9
C2_NLMS                                    0                  0       30
C3_RLS                                     3                  0       27
C4_FIXED_LAG_LINEAR                       12                  0       18
CTRL_ARX_NLMS                              0                  0       30
CTRL_PERSISTENCE                           0                  0       30
CTRL_SEASONAL_NAIVE                        0                  0       27
DLINEAR_ONLINE                             0                  0       30
HOLT_WINTERS                               0                  0       30
IPNLMS                                     0                  0       30
IPNLMS_SL                                  0                  0       27
LEBRE_V032                                 0                  0       30
LEBRE_V042                                 0                  0       30
LEBRE_V042_SL                              0                  0       27
NLINEAR_ONLINE                             0                  0       30
QKLMS                                      0                  0       30
RFF_NLMS                                   0                  0       30
RIVER_AMRULES                              3                  0       27
RIVER_ARF                                  9                  0       12
RIVER_HATR                                10                  0       20
RIVER_PA                                   0                  0       30
RIVER_SGD_LINREG                           3                  0       27
S1_VARIABLE_TAP_LMS                       18                  0       12
S2_LRU_STREAM                             25                  0        5
S3_RSONN                                   0                  0       30
S4_ACESN                                   0                  0       30
S5_CONTINUAL_BACKPROP                     21                  0        9
Track_B                                    0                  6       24
972 runs, 104s
