237 files
10/237 ons_hourly DADOS_HIDROLOGICOS_HO_2019_09.parquet
20/237 ons_hourly DADOS_HIDROLOGICOS_HO_2023_07.parquet
30/237 ons_hourly DADOS_HIDROLOGICOS_HO_2024_05.parquet
40/237 ons_hourly DADOS_HIDROLOGICOS_HO_2025_04.parquet
50/237 ons_hourly DADOS_HIDROLOGICOS_HO_2018_08.parquet
60/237 ons_hourly DADOS_HIDROLOGICOS_HO_2017_05.parquet
70/237 ons_hourly DADOS_HIDROLOGICOS_HO_2016_04.parquet
80/237 ons_hourly DADOS_HIDROLOGICOS_HO_2016_01.parquet
90/237 ons_hourly DADOS_HIDROLOGICOS_HO_2015_10.parquet
100/237 ons_hourly DADOS_HIDROLOGICOS_HO_2014_08.parquet
110/237 ons_hourly DADOS_HIDROLOGICOS_HO_2012_02.parquet
120/237 ons_hourly DADOS_HIDROLOGICOS_HO_2012_07.parquet
130/237 ons_hourly DADOS_HIDROLOGICOS_HO_2011_02.parquet
140/237 ons_hourly DADOS_HIDROLOGICOS_HO_2011_12.parquet
150/237 ons_hourly DADOS_HIDROLOGICOS_HO_2010_10.parquet
160/237 ons_hourly DADOS_HIDROLOGICOS_HO_2020_04.parquet
170/237 ons_hourly DADOS_HIDROLOGICOS_HO_2021_02.parquet
180/237 ons_hourly DADOS_HIDROLOGICOS_HO_2021_12.parquet
190/237 ons_hourly DADOS_HIDROLOGICOS_HO_2022_10.parquet
200/237 ons_hourly DADOS_HIDROLOGICOS_HO_2026_08.parquet
210/237 ons_daily DADOS_HIDROLOGICOS_RES_2007.parquet
220/237 ons_daily DADOS_HIDROLOGICOS_RES_2017.parquet
230/237 camels_br 01_CAMELS_BR_attributes.zip
237/237 cascaded_tanks TanksBenchmark.pdf
total bytes 1460689202
