scen   rho   n  runs_V>0  frac_V>0  cp_lo  cp_hi   FDR  FDR_hi  mean_R  found_truth  consistent
  N1   0.5  50         0      0.00  0.000  0.071 0.000   0.000    0.00          NaN        True
  N1  0.95  50         0      0.00  0.000  0.071 0.000   0.000    0.00          NaN        True
  N2   0.5  50         0      0.00  0.000  0.071 0.000   0.000    0.00          NaN        True
  N2  0.95  50         0      0.00  0.000  0.071 0.000   0.000    0.00          NaN        True
  N3   0.5  50         0      0.00  0.000  0.071 0.000   0.000    0.00          NaN        True
  N3  0.95  50         0      0.00  0.000  0.071 0.000   0.000    0.00          NaN        True
  N4   0.5  50         0      0.00  0.000  0.071 0.000   0.000    0.00          NaN        True
  N4  0.95  50         0      0.00  0.000  0.071 0.000   0.000    0.00          NaN        True
  P1   0.5  50         0      0.00  0.000  0.071 0.000   0.000    1.00         1.00        True
  P1  0.95  50         0      0.00  0.000  0.071 0.000   0.000    0.92         0.92        True
  P2   0.5  50         7      0.14  0.058  0.267 0.090   0.163    1.14         0.94       False
  P2  0.95  50         0      0.00  0.000  0.071 0.000   0.000    0.96         0.96        True
  P3   0.5  50        10      0.20  0.100  0.337 0.077   0.120    1.34         1.00       False
  P3  0.95  50         0      0.00  0.000  0.071 0.000   0.000    0.02         0.02        True
  N1   all 100         0      0.00  0.000  0.036 0.000   0.000    0.00          NaN        True
  N2   all 100         0      0.00  0.000  0.036 0.000   0.000    0.00          NaN        True
  N3   all 100         0      0.00  0.000  0.036 0.000   0.000    0.00          NaN        True
  N4   all 100         0      0.00  0.000  0.036 0.000   0.000    0.00          NaN        True
  P1   all 100         0      0.00  0.000  0.036 0.000   0.000    0.96         0.96        True
  P2   all 100         7      0.07  0.029  0.139 0.045   0.088    1.05         0.95        True
  P3   all 100        10      0.10  0.049  0.176 0.038   0.063    0.68         0.51        True
scen  rho  seed  V  R                                                                                                                             events
  P2  0.5 13202  1  2                                             [(2770, 'add', "('in', 1)", 'None', True), (23850, 'add', "('in', 0)", 'None', False)]
  P2  0.5 13208  1  1                                                                                         [(3500, 'add', "('in', 1)", 'None', True)]
  P2  0.5 13222  1  3 [(4900, 'add', "('in', 1)", 'None', True), (14770, 'add', "('in', 0)", 'None', False), (23700, 'rem', 'None', "('in', 1)", False)]
  P2  0.5 13236  1  3 [(4850, 'add', "('in', 1)", 'None', True), (10000, 'add', "('in', 0)", 'None', False), (21590, 'rem', 'None', "('in', 1)", False)]
  P2  0.5 13237  1  3  [(3640, 'add', "('in', 1)", 'None', True), (7930, 'add', "('in', 0)", 'None', False), (16300, 'rem', 'None', "('in', 1)", False)]
  P2  0.5 13238  1  1                                                                                         [(6490, 'add', "('in', 1)", 'None', True)]
  P2  0.5 13250  1  1                                                                                         [(4210, 'add', "('in', 1)", 'None', True)]
  P3  0.5 14209  1  3  [(3780, 'add', "('in', 0)", 'None', False), (7760, 'add', "('in', 1)", 'None', True), (24940, 'rem', 'None', "('in', 1)", False)]
  P3  0.5 14211  1  3 [(4120, 'add', "('in', 1)", 'None', True), (15340, 'add', "('in', 0)", 'None', False), (28300, 'rem', 'None', "('in', 1)", False)]
  P3  0.5 14225  1  3  [(3980, 'add', "('in', 1)", 'None', True), (5230, 'add', "('in', 0)", 'None', False), (15200, 'rem', 'None', "('in', 1)", False)]
  P3  0.5 14234  1  3 [(6490, 'add', "('in', 1)", 'None', True), (12400, 'add', "('in', 0)", 'None', False), (26320, 'rem', 'None', "('in', 1)", False)]
  P3  0.5 14236  1  3  [(3200, 'add', "('in', 0)", 'None', False), (3220, 'add', "('in', 3)", 'None', True), (10950, 'rem', 'None', "('in', 3)", False)]
  P3  0.5 14241  1  3 [(3590, 'add', "('in', 1)", 'None', True), (11340, 'add', "('in', 0)", 'None', False), (24250, 'rem', 'None', "('in', 1)", False)]
  P3  0.5 14243  1  2                                             [(2950, 'add', "('in', 2)", 'None', True), (27510, 'add', "('in', 0)", 'None', False)]
  P3  0.5 14244  1  3 [(3790, 'add', "('in', 1)", 'None', True), (10580, 'add', "('in', 0)", 'None', False), (25000, 'rem', 'None', "('in', 1)", False)]
  P3  0.5 14245  1  2                                            [(19910, 'add', "('in', 1)", 'None', True), (22300, 'add', "('in', 0)", 'None', False)]
  P3  0.5 14247  1  2                                            [(14970, 'add', "('in', 3)", 'None', True), (22470, 'add', "('in', 0)", 'None', False)]
