104 séries da reserva
('camels', '12370000') já feito
('camels', '13870000') já feito
('camels', '24050000') já feito
('camels', '24200000') já feito
('camels', '24700000') já feito
('camels', '33450000') já feito
('camels', '34060000') já feito
('camels', '34130000') já feito
('camels', '55340000') já feito
('camels', '55380000') já feito
('camels', '56460000') já feito
('camels', '56775000') já feito
('camels', '56983000') já feito
('camels', '58030000') já feito
('camels', '58500000') já feito
('camels', '58710000') já feito
('camels', '58730001') já feito
('camels', '61024000') já feito
('camels', '61045000') já feito
('camels', '61343000') já feito
('camels', '64362000') já feito
('camels', '65010000') já feito
('camels', '70100000') já feito
('camels', '70300000') já feito
('camels', '70500000') já feito
('camels', '71383000') já feito
('camels', '74900000') já feito
('camels', '84095000') já feito
('camels', '84520000') já feito
('camels', '86420000') já feito
('bdg2', 'chilledwater:Bull_education_Antonia') já feito
('bdg2', 'chilledwater:Bull_education_Stewart') já feito
('bdg2', 'chilledwater:Bull_lodging_Danielle') já feito
('bdg2', 'chilledwater:Fox_education_Carleen') já feito
('bdg2', 'chilledwater:Fox_education_Janina') já feito
('bdg2', 'chilledwater:Fox_education_Sterling') já feito
('bdg2', 'chilledwater:Fox_lodging_Angla') já feito
('bdg2', 'chilledwater:Fox_office_Israel') já feito
('bdg2', 'chilledwater:Fox_office_Margarita') já feito
('bdg2', 'chilledwater:Fox_public_Martin') já feito
('bdg2', 'chilledwater:Hog_education_Mathilda') já feito
('bdg2', 'chilledwater:Hog_office_Rolando') já feito
('bdg2', 'chilledwater:Panther_education_Quintin') já feito
('bdg2', 'hotwater:Eagle_assembly_Latrina') já feito
('bdg2', 'hotwater:Eagle_education_Lino') já feito
('bdg2', 'hotwater:Eagle_public_Minnie') já feito
('bdg2', 'hotwater:Fox_assembly_Renna') já feito
('bdg2', 'hotwater:Fox_education_Claude') já feito
('bdg2', 'steam:Bull_assembly_Vanessa') já feito
('bdg2', 'steam:Bull_education_Mervin') já feito
('bdg2', 'steam:Bull_education_Racheal') já feito
('bdg2', 'steam:Bull_education_Sebastian') já feito
('bdg2', 'steam:Bull_lodging_Caren') já feito
('bdg2', 'steam:Cockatoo_education_Brendan') já feito
('bdg2', 'steam:Cockatoo_education_Minh') já feito
('bdg2', 'steam:Eagle_education_Raul') já feito
('bdg2', 'steam:Hog_education_Haywood') já feito
('bdg2', 'steam:Hog_industrial_Jay') já feito
('bdg2', 'steam:Hog_office_Rolando') já feito
('bdg2', 'steam:Moose_education_Abbie') já feito
('solar', 'Conj. Alex') já feito
('solar', 'Conj. Lavras') já feito
('solar', 'Conj. Calcário') já feito
('solar', 'Conj. Pereira Barreto') já feito
('solar', 'Conj. Sol do Sertão') já feito
('solar', 'Conj. Banabuiú') já feito
('solar', 'Conj. Luzia') já feito
('solar', 'Conj. Belmonte') já feito
('eolica', 'Conj. Quinta 138 kV') já feito
('eolica', 'Conj. Serra do Mato') já feito
('eolica', 'Conj. Folha Larga Sul') já feito
('eolica', 'Conj. Marmeleiro 2') já feito
('eolica', 'Conj. Caetés II') já feito
('eolica', 'Conj. Ventos de São Vitor') já feito
('eolica', 'Conj. Santa Rosália') já feito
('eolica', 'Conj. Morrão') já feito
('carga', 'SUDESTE') ok 115s
('carga', 'SUL') já feito
('carga', 'NORDESTE') já feito
('carga', 'NORTE') já feito
('fx_ret', 'DEXUSUK') já feito
('fx_ret', 'DEXSZUS') já feito
('fx_ret', 'DEXCAUS') já feito
('fx_ret', 'DEXUSAL') já feito
('fx_ret', 'DEXMXUS') já feito
('fx_ret', 'DEXKOUS') já feito
('fx_ret', 'DEXSDUS') já feito
('fx_ret', 'DEXNOUS') já feito
('fx_abs', 'DEXUSUK') já feito
('fx_abs', 'DEXSZUS') já feito
('fx_abs', 'DEXCAUS') já feito
('fx_abs', 'DEXUSAL') já feito
('fx_abs', 'DEXMXUS') já feito
('fx_abs', 'DEXKOUS') já feito
('fx_abs', 'DEXSDUS') já feito
('fx_abs', 'DEXNOUS') já feito
('fx_niv', 'DEXUSUK') já feito
('fx_niv', 'DEXSZUS') já feito
('fx_niv', 'DEXCAUS') já feito
('fx_niv', 'DEXUSAL') já feito
('fx_niv', 'DEXMXUS') já feito
('fx_niv', 'DEXKOUS') já feito
('fx_niv', 'DEXSDUS') já feito
('fx_niv', 'DEXNOUS') já feito
